// Jest Snapshot v1, https://goo.gl/fbAQLP

exports[`Test React Dummy Component 1`] = `
<Dummy>
  <div
    className="Dummy"
  >
    <h1>
      React! YAY
    </h1>
    <div />
  </div>
</Dummy>
`;
