// Jest Snapshot v1, https://goo.gl/fbAQLP

exports[`<Counter> renders correctly 1`] = `
<Counter
  initialValue={1}
  step={1}
>
  <div
    className="Counter"
  >
    <div>
      <ThemedThemed
        composeTheme="deeply"
        disabled={false}
        floating={true}
        mapThemrProps={[Function]}
        mini={true}
        onClick={[Function]}
        ripple={true}
        rippleCentered={false}
        rippleClassName=""
        rippleMultiple={true}
        rippleSpread={2}
      >
        <ThemedRippledComponent
          composeTheme="deeply"
          disabled={false}
          floating={true}
          mapThemrProps={[Function]}
          mini={true}
          onClick={[Function]}
          ripple={true}
          rippleCentered={false}
          rippleClassName=""
          rippleMultiple={true}
          rippleSpread={2}
          theme={Object {}}
        >
          <RippledComponent
            disabled={false}
            floating={true}
            mini={true}
            onClick={[Function]}
            ripple={true}
            rippleCentered={false}
            rippleClassName=""
            rippleMultiple={true}
            rippleSpread={2}
            theme={Object {}}
          >
            <Button
              accent={false}
              className=""
              disabled={false}
              flat={false}
              floating={true}
              mini={true}
              neutral={true}
              onClick={[Function]}
              onMouseDown={[Function]}
              onTouchStart={[Function]}
              primary={false}
              raised={false}
              theme={Object {}}
              type="button"
            >
              <button
                className=""
                data-react-toolbox="button"
                disabled={false}
                onClick={[Function]}
                onMouseDown={[Function]}
                onMouseLeave={[Function]}
                onMouseUp={[Function]}
                onTouchStart={[Function]}
                type="button"
              >
                â€“
              </button>
            </Button>
          </RippledComponent>
        </ThemedRippledComponent>
      </ThemedThemed>
       
       
      <ThemedThemed
        composeTheme="deeply"
        disabled={false}
        floating={true}
        mapThemrProps={[Function]}
        onClick={[Function]}
        ripple={true}
        rippleCentered={false}
        rippleClassName=""
        rippleMultiple={true}
        rippleSpread={2}
      >
        <ThemedRippledComponent
          composeTheme="deeply"
          disabled={false}
          floating={true}
          mapThemrProps={[Function]}
          onClick={[Function]}
          ripple={true}
          rippleCentered={false}
          rippleClassName=""
          rippleMultiple={true}
          rippleSpread={2}
          theme={Object {}}
        >
          <RippledComponent
            disabled={false}
            floating={true}
            onClick={[Function]}
            ripple={true}
            rippleCentered={false}
            rippleClassName=""
            rippleMultiple={true}
            rippleSpread={2}
            theme={Object {}}
          >
            <Button
              accent={false}
              className=""
              disabled={false}
              flat={false}
              floating={true}
              mini={false}
              neutral={true}
              onClick={[Function]}
              onMouseDown={[Function]}
              onTouchStart={[Function]}
              primary={false}
              raised={false}
              theme={Object {}}
              type="button"
            >
              <button
                className=""
                data-react-toolbox="button"
                disabled={false}
                onClick={[Function]}
                onMouseDown={[Function]}
                onMouseLeave={[Function]}
                onMouseUp={[Function]}
                onTouchStart={[Function]}
                type="button"
              >
                +
              </button>
            </Button>
          </RippledComponent>
        </ThemedRippledComponent>
      </ThemedThemed>
       
       
      <ThemedThemed
        composeTheme="deeply"
        disabled={false}
        icon="replay"
        id="reset"
        mapThemrProps={[Function]}
        onClick={[Function]}
        ripple={true}
        rippleCentered={true}
        rippleClassName=""
        rippleMultiple={true}
        rippleSpread={2}
      >
        <ThemedRippledComponent
          composeTheme="deeply"
          disabled={false}
          icon="replay"
          id="reset"
          mapThemrProps={[Function]}
          onClick={[Function]}
          ripple={true}
          rippleCentered={true}
          rippleClassName=""
          rippleMultiple={true}
          rippleSpread={2}
          theme={Object {}}
        >
          <RippledComponent
            disabled={false}
            icon="replay"
            id="reset"
            onClick={[Function]}
            ripple={true}
            rippleCentered={true}
            rippleClassName=""
            rippleMultiple={true}
            rippleSpread={2}
            theme={Object {}}
          >
            <IconButton
              accent={false}
              className=""
              disabled={false}
              icon="replay"
              id="reset"
              neutral={true}
              onClick={[Function]}
              onMouseDown={[Function]}
              onTouchStart={[Function]}
              primary={false}
              theme={Object {}}
              type="button"
            >
              <button
                className=""
                data-react-toolbox="button"
                disabled={false}
                id="reset"
                onClick={[Function]}
                onMouseDown={[Function]}
                onMouseLeave={[Function]}
                onMouseUp={[Function]}
                onTouchStart={[Function]}
                type="button"
              >
                <FontIcon
                  alt=""
                  className=""
                  value="replay"
                >
                  <span
                    aria-label=""
                    className="material-icons"
                    data-react-toolbox="font-icon"
                  >
                    replay
                  </span>
                </FontIcon>
              </button>
            </IconButton>
          </RippledComponent>
        </ThemedRippledComponent>
      </ThemedThemed>
    </div>
    <span
      id="counter"
    >
      1
    </span>
  </div>
</Counter>
`;
